// Jest Snapshot v1, https://goo.gl/fbAQLP

exports[`Storyshots InboxScreen Default 1`] = `
<div
  className="page lists-show"
>
  <nav>
    <h1
      className="title-page"
    >
      <span
        className="title-wrapper"
      >
        Taskbox
      </span>
    </h1>
  </nav>
  <div
    className="list-items"
  >
    <div
      className="wrapper-message"
    >
      <span
        className="icon-check"
      />
      <div
        className="title-message"
      >
        You have no tasks
      </div>
      <div
        className="subtitle-message"
      >
        Sit back and relax
      </div>
    </div>
  </div>
</div>
`;

exports[`Storyshots InboxScreen Error 1`] = `
<div
  className="page lists-show"
>
  <div
    className="wrapper-message"
  >
    <span
      className="icon-face-sad"
    />
    <div
      className="title-message"
    >
      Oh no!
    </div>
    <div
      className="subtitle-message"
    >
      Something went wrong
    </div>
  </div>
</div>
`;

exports[`Storyshots Task Archived 1`] = `
<div
  className="list-item TASK_ARCHIVED"
>
  <label
    className="checkbox"
  >
    <input
      defaultChecked={true}
      disabled={true}
      name="checked"
      type="checkbox"
    />
    <span
      className="checkbox-custom"
      onClick={[Function]}
    />
  </label>
  <div
    className="title"
  >
    <input
      placeholder="Input title"
      readOnly={true}
      style={
        Object {
          "textOverflow": "ellipsis",
        }
      }
      type="text"
      value="Test Task"
    />
  </div>
  <div
    className="actions"
    onClick={[Function]}
  />
</div>
`;

exports[`Storyshots Task Default 1`] = `
<div
  className="list-item TASK_INBOX"
>
  <label
    className="checkbox"
  >
    <input
      defaultChecked={false}
      disabled={true}
      name="checked"
      type="checkbox"
    />
    <span
      className="checkbox-custom"
      onClick={[Function]}
    />
  </label>
  <div
    className="title"
  >
    <input
      placeholder="Input title"
      readOnly={true}
      style={
        Object {
          "textOverflow": "ellipsis",
        }
      }
      type="text"
      value="Test Task"
    />
  </div>
  <div
    className="actions"
    onClick={[Function]}
  >
    <a
      onClick={[Function]}
    >
      <span
        className="icon-star"
      />
    </a>
  </div>
</div>
`;

exports[`Storyshots Task Long Title 1`] = `
<div
  className="list-item TASK_INBOX"
>
  <label
    className="checkbox"
  >
    <input
      defaultChecked={false}
      disabled={true}
      name="checked"
      type="checkbox"
    />
    <span
      className="checkbox-custom"
      onClick={[Function]}
    />
  </label>
  <div
    className="title"
  >
    <input
      placeholder="Input title"
      readOnly={true}
      style={
        Object {
          "textOverflow": "ellipsis",
        }
      }
      type="text"
      value="It is a long established fact that a reader will be distracted by the readable content of a page when looking at its layout. The point of using Lorem Ipsum is that it has a more-or-less normal distribution of letters, as opposed to using 'Content here, content here', making it look like readable English. Many desktop publishing packages and web page editors now use Lorem Ipsum as their default model text, and a search for ''lorem ipsum' will uncover many web sites still in their infancy. Various versions have evolved over the years, sometimes by accident, sometimes on purpose (injected humour and the like)."
    />
  </div>
  <div
    className="actions"
    onClick={[Function]}
  >
    <a
      onClick={[Function]}
    >
      <span
        className="icon-star"
      />
    </a>
  </div>
</div>
`;

exports[`Storyshots Task Pinned 1`] = `
<div
  className="list-item TASK_PINNED"
>
  <label
    className="checkbox"
  >
    <input
      defaultChecked={false}
      disabled={true}
      name="checked"
      type="checkbox"
    />
    <span
      className="checkbox-custom"
      onClick={[Function]}
    />
  </label>
  <div
    className="title"
  >
    <input
      placeholder="Input title"
      readOnly={true}
      style={
        Object {
          "textOverflow": "ellipsis",
        }
      }
      type="text"
      value="Test Task"
    />
  </div>
  <div
    className="actions"
    onClick={[Function]}
  >
    <a
      onClick={[Function]}
    >
      <span
        className="icon-star"
      />
    </a>
  </div>
</div>
`;

exports[`Storyshots TaskList Default 1`] = `
<div
  style={
    Object {
      "padding": "3rem",
    }
  }
>
  <div
    className="list-items"
  >
    <div
      className="list-item TASK_INBOX"
    >
      <label
        className="checkbox"
      >
        <input
          defaultChecked={false}
          disabled={true}
          name="checked"
          type="checkbox"
        />
        <span
          className="checkbox-custom"
          onClick={[Function]}
        />
      </label>
      <div
        className="title"
      >
        <input
          placeholder="Input title"
          readOnly={true}
          style={
            Object {
              "textOverflow": "ellipsis",
            }
          }
          type="text"
          value="Task 1"
        />
      </div>
      <div
        className="actions"
        onClick={[Function]}
      >
        <a
          onClick={[Function]}
        >
          <span
            className="icon-star"
          />
        </a>
      </div>
    </div>
    <div
      className="list-item TASK_INBOX"
    >
      <label
        className="checkbox"
      >
        <input
          defaultChecked={false}
          disabled={true}
          name="checked"
          type="checkbox"
        />
        <span
          className="checkbox-custom"
          onClick={[Function]}
        />
      </label>
      <div
        className="title"
      >
        <input
          placeholder="Input title"
          readOnly={true}
          style={
            Object {
              "textOverflow": "ellipsis",
            }
          }
          type="text"
          value="Task 2"
        />
      </div>
      <div
        className="actions"
        onClick={[Function]}
      >
        <a
          onClick={[Function]}
        >
          <span
            className="icon-star"
          />
        </a>
      </div>
    </div>
    <div
      className="list-item TASK_INBOX"
    >
      <label
        className="checkbox"
      >
        <input
          defaultChecked={false}
          disabled={true}
          name="checked"
          type="checkbox"
        />
        <span
          className="checkbox-custom"
          onClick={[Function]}
        />
      </label>
      <div
        className="title"
      >
        <input
          placeholder="Input title"
          readOnly={true}
          style={
            Object {
              "textOverflow": "ellipsis",
            }
          }
          type="text"
          value="Task 3"
        />
      </div>
      <div
        className="actions"
        onClick={[Function]}
      >
        <a
          onClick={[Function]}
        >
          <span
            className="icon-star"
          />
        </a>
      </div>
    </div>
    <div
      className="list-item TASK_INBOX"
    >
      <label
        className="checkbox"
      >
        <input
          defaultChecked={false}
          disabled={true}
          name="checked"
          type="checkbox"
        />
        <span
          className="checkbox-custom"
          onClick={[Function]}
        />
      </label>
      <div
        className="title"
      >
        <input
          placeholder="Input title"
          readOnly={true}
          style={
            Object {
              "textOverflow": "ellipsis",
            }
          }
          type="text"
          value="Task 4"
        />
      </div>
      <div
        className="actions"
        onClick={[Function]}
      >
        <a
          onClick={[Function]}
        >
          <span
            className="icon-star"
          />
        </a>
      </div>
    </div>
    <div
      className="list-item TASK_INBOX"
    >
      <label
        className="checkbox"
      >
        <input
          defaultChecked={false}
          disabled={true}
          name="checked"
          type="checkbox"
        />
        <span
          className="checkbox-custom"
          onClick={[Function]}
        />
      </label>
      <div
        className="title"
      >
        <input
          placeholder="Input title"
          readOnly={true}
          style={
            Object {
              "textOverflow": "ellipsis",
            }
          }
          type="text"
          value="Task 5"
        />
      </div>
      <div
        className="actions"
        onClick={[Function]}
      >
        <a
          onClick={[Function]}
        >
          <span
            className="icon-star"
          />
        </a>
      </div>
    </div>
    <div
      className="list-item TASK_INBOX"
    >
      <label
        className="checkbox"
      >
        <input
          defaultChecked={false}
          disabled={true}
          name="checked"
          type="checkbox"
        />
        <span
          className="checkbox-custom"
          onClick={[Function]}
        />
      </label>
      <div
        className="title"
      >
        <input
          placeholder="Input title"
          readOnly={true}
          style={
            Object {
              "textOverflow": "ellipsis",
            }
          }
          type="text"
          value="Task 6"
        />
      </div>
      <div
        className="actions"
        onClick={[Function]}
      >
        <a
          onClick={[Function]}
        >
          <span
            className="icon-star"
          />
        </a>
      </div>
    </div>
  </div>
</div>
`;

exports[`Storyshots TaskList Empty 1`] = `
<div
  style={
    Object {
      "padding": "3rem",
    }
  }
>
  <div
    className="list-items"
  >
    <div
      className="wrapper-message"
    >
      <span
        className="icon-check"
      />
      <div
        className="title-message"
      >
        You have no tasks
      </div>
      <div
        className="subtitle-message"
      >
        Sit back and relax
      </div>
    </div>
  </div>
</div>
`;

exports[`Storyshots TaskList Loading 1`] = `
<div
  style={
    Object {
      "padding": "3rem",
    }
  }
>
  <div
    className="list-items"
  >
    <div
      className="loading-item"
    >
      <span
        className="glow-checkbox"
      />
      <span
        className="glow-text"
      >
        <span>
          Loading
        </span>
         
        <span>
          cool
        </span>
         
        <span>
          state
        </span>
      </span>
    </div>
    <div
      className="loading-item"
    >
      <span
        className="glow-checkbox"
      />
      <span
        className="glow-text"
      >
        <span>
          Loading
        </span>
         
        <span>
          cool
        </span>
         
        <span>
          state
        </span>
      </span>
    </div>
    <div
      className="loading-item"
    >
      <span
        className="glow-checkbox"
      />
      <span
        className="glow-text"
      >
        <span>
          Loading
        </span>
         
        <span>
          cool
        </span>
         
        <span>
          state
        </span>
      </span>
    </div>
    <div
      className="loading-item"
    >
      <span
        className="glow-checkbox"
      />
      <span
        className="glow-text"
      >
        <span>
          Loading
        </span>
         
        <span>
          cool
        </span>
         
        <span>
          state
        </span>
      </span>
    </div>
    <div
      className="loading-item"
    >
      <span
        className="glow-checkbox"
      />
      <span
        className="glow-text"
      >
        <span>
          Loading
        </span>
         
        <span>
          cool
        </span>
         
        <span>
          state
        </span>
      </span>
    </div>
    <div
      className="loading-item"
    >
      <span
        className="glow-checkbox"
      />
      <span
        className="glow-text"
      >
        <span>
          Loading
        </span>
         
        <span>
          cool
        </span>
         
        <span>
          state
        </span>
      </span>
    </div>
  </div>
</div>
`;

exports[`Storyshots TaskList With Pinned Tasks 1`] = `
<div
  style={
    Object {
      "padding": "3rem",
    }
  }
>
  <div
    className="list-items"
  >
    <div
      className="list-item TASK_PINNED"
    >
      <label
        className="checkbox"
      >
        <input
          defaultChecked={false}
          disabled={true}
          name="checked"
          type="checkbox"
        />
        <span
          className="checkbox-custom"
          onClick={[Function]}
        />
      </label>
      <div
        className="title"
      >
        <input
          placeholder="Input title"
          readOnly={true}
          style={
            Object {
              "textOverflow": "ellipsis",
            }
          }
          type="text"
          value="Task 6 (pinned)"
        />
      </div>
      <div
        className="actions"
        onClick={[Function]}
      >
        <a
          onClick={[Function]}
        >
          <span
            className="icon-star"
          />
        </a>
      </div>
    </div>
    <div
      className="list-item TASK_INBOX"
    >
      <label
        className="checkbox"
      >
        <input
          defaultChecked={false}
          disabled={true}
          name="checked"
          type="checkbox"
        />
        <span
          className="checkbox-custom"
          onClick={[Function]}
        />
      </label>
      <div
        className="title"
      >
        <input
          placeholder="Input title"
          readOnly={true}
          style={
            Object {
              "textOverflow": "ellipsis",
            }
          }
          type="text"
          value="Task 1"
        />
      </div>
      <div
        className="actions"
        onClick={[Function]}
      >
        <a
          onClick={[Function]}
        >
          <span
            className="icon-star"
          />
        </a>
      </div>
    </div>
    <div
      className="list-item TASK_INBOX"
    >
      <label
        className="checkbox"
      >
        <input
          defaultChecked={false}
          disabled={true}
          name="checked"
          type="checkbox"
        />
        <span
          className="checkbox-custom"
          onClick={[Function]}
        />
      </label>
      <div
        className="title"
      >
        <input
          placeholder="Input title"
          readOnly={true}
          style={
            Object {
              "textOverflow": "ellipsis",
            }
          }
          type="text"
          value="Task 2"
        />
      </div>
      <div
        className="actions"
        onClick={[Function]}
      >
        <a
          onClick={[Function]}
        >
          <span
            className="icon-star"
          />
        </a>
      </div>
    </div>
    <div
      className="list-item TASK_INBOX"
    >
      <label
        className="checkbox"
      >
        <input
          defaultChecked={false}
          disabled={true}
          name="checked"
          type="checkbox"
        />
        <span
          className="checkbox-custom"
          onClick={[Function]}
        />
      </label>
      <div
        className="title"
      >
        <input
          placeholder="Input title"
          readOnly={true}
          style={
            Object {
              "textOverflow": "ellipsis",
            }
          }
          type="text"
          value="Task 3"
        />
      </div>
      <div
        className="actions"
        onClick={[Function]}
      >
        <a
          onClick={[Function]}
        >
          <span
            className="icon-star"
          />
        </a>
      </div>
    </div>
    <div
      className="list-item TASK_INBOX"
    >
      <label
        className="checkbox"
      >
        <input
          defaultChecked={false}
          disabled={true}
          name="checked"
          type="checkbox"
        />
        <span
          className="checkbox-custom"
          onClick={[Function]}
        />
      </label>
      <div
        className="title"
      >
        <input
          placeholder="Input title"
          readOnly={true}
          style={
            Object {
              "textOverflow": "ellipsis",
            }
          }
          type="text"
          value="Task 4"
        />
      </div>
      <div
        className="actions"
        onClick={[Function]}
      >
        <a
          onClick={[Function]}
        >
          <span
            className="icon-star"
          />
        </a>
      </div>
    </div>
    <div
      className="list-item TASK_INBOX"
    >
      <label
        className="checkbox"
      >
        <input
          defaultChecked={false}
          disabled={true}
          name="checked"
          type="checkbox"
        />
        <span
          className="checkbox-custom"
          onClick={[Function]}
        />
      </label>
      <div
        className="title"
      >
        <input
          placeholder="Input title"
          readOnly={true}
          style={
            Object {
              "textOverflow": "ellipsis",
            }
          }
          type="text"
          value="Task 5"
        />
      </div>
      <div
        className="actions"
        onClick={[Function]}
      >
        <a
          onClick={[Function]}
        >
          <span
            className="icon-star"
          />
        </a>
      </div>
    </div>
  </div>
</div>
`;
